// Jest Snapshot v1, https://goo.gl/fbAQLP

exports[`Gulp: Babel should compile typescript 1`] = `
"define([\\"exports\\"], function (_exports) {
  \\"use strict\\";

  Object.defineProperty(_exports, \\"__esModule\\", {
    value: true
  });
  _exports[\\"default\\"] = void 0;

  function _classCallCheck(instance, Constructor) { if (!(instance instanceof Constructor)) { throw new TypeError(\\"Cannot call a class as a function\\"); } }

  function _defineProperties(target, props) { for (var i = 0; i < props.length; i++) { var descriptor = props[i]; descriptor.enumerable = descriptor.enumerable || false; descriptor.configurable = true; if (\\"value\\" in descriptor) descriptor.writable = true; Object.defineProperty(target, descriptor.key, descriptor); } }

  function _createClass(Constructor, protoProps, staticProps) { if (protoProps) _defineProperties(Constructor.prototype, protoProps); if (staticProps) _defineProperties(Constructor, staticProps); return Constructor; }

  var Test = /*#__PURE__*/function () {
    function Test() {
      _classCallCheck(this, Test);
    }

    _createClass(Test, [{
      key: \\"echo\\",
      value: function echo(msg) {
        return msg;
      }
    }]);

    return Test;
  }();

  _exports[\\"default\\"] = Test;
});"
`;

exports[`Gulp: Babel should compile typescript 2`] = `
"define([\\"exports\\", \\"/js/value\\", \\"Magento_PageBuilder/js/config\\"], function (_exports, _value, _config) {
  \\"use strict\\";

  Object.defineProperty(_exports, \\"__esModule\\", {
    value: true
  });
  _exports[\\"default\\"] = logValue;
  _value = _interopRequireDefault(_value);
  _config = _interopRequireDefault(_config);

  function _interopRequireDefault(obj) { return obj && obj.__esModule ? obj : { \\"default\\": obj }; }

  function logValue() {
    console.log(_config[\\"default\\"]);
    console.log(_value[\\"default\\"]);
  }
});"
`;

exports[`Gulp: Babel should compile typescript 3`] = `
"define([\\"exports\\"], function (_exports) {
  \\"use strict\\";

  Object.defineProperty(_exports, \\"__esModule\\", {
    value: true
  });
  _exports[\\"default\\"] = void 0;
  var _default = \\"hello world\\";
  _exports[\\"default\\"] = _default;
});"
`;
