// Jest Snapshot v1, https://goo.gl/fbAQLP

exports[`Gulp: Imagemin should minify images 1`] = `"<svg width=\\"121\\" height=\\"17\\" xmlns=\\"http://www.w3.org/2000/svg\\"><path d=\\"M9 13.5l-5.29 2.781 1.01-5.89L.44 6.219l5.915-.86L9 0l2.645 5.36 5.915.859-4.28 4.172 1.01 5.89zm26 0l-5.29 2.781 1.01-5.89-4.28-4.172 5.915-.86L35 0l2.645 5.36 5.915.859-4.28 4.172 1.01 5.89zm25 0l-5.29 2.781 1.01-5.89-4.28-4.172 5.915-.86L60 0l2.645 5.36 5.915.859-4.28 4.172 1.01 5.89zm26 0l-5.29 2.781 1.01-5.89-4.28-4.172 5.915-.86L86 0l2.645 5.36 5.915.859-4.28 4.172 1.01 5.89zm26 0l-5.29 2.781 1.01-5.89-4.28-4.172 5.915-.86L112 0l2.645 5.36 5.915.859-4.28 4.172 1.01 5.89z\\" fill=\\"#003087\\" fill-rule=\\"evenodd\\"/></svg>"`;
