// Jest Snapshot v1, https://goo.gl/fbAQLP

exports[`Gulp: Webpack should compile webpack 1`] = `"define((()=>(()=>{\\"use strict\\";return{}})()));"`;

exports[`Gulp: Webpack should compile webpack 2`] = `"define([\\"./commons\\"],(()=>(()=>{\\"use strict\\";var r,e={649:(r,e,t)=>{t(979)}},t={};function n(r){var o=t[r];if(void 0!==o)return o.exports;var i=t[r]={exports:{}};return e[r](i,i.exports,n),i.exports}n.m=e,r=[],n.O=(e,t,o,i)=>{if(!t){var a=1/0;for(f=0;f<r.length;f++){for(var[t,o,i]=r[f],u=!0,l=0;l<t.length;l++)(!1&i||a>=i)&&Object.keys(n.O).every((r=>n.O[r](t[l])))?t.splice(l--,1):(u=!1,i<a&&(a=i));u&&(r.splice(f--,1),e=o())}return e}i=i||0;for(var f=r.length;f>0&&r[f-1][2]>i;f--)r[f]=r[f-1];r[f]=[t,o,i]},n.n=r=>{var e=r&&r.__esModule?()=>r.default:()=>r;return n.d(e,{a:e}),e},n.d=(r,e)=>{for(var t in e)n.o(e,t)&&!n.o(r,t)&&Object.defineProperty(r,t,{enumerable:!0,get:e[t]})},n.g=function(){if(\\"object\\"==typeof globalThis)return globalThis;try{return this||new Function(\\"return this\\")()}catch(r){if(\\"object\\"==typeof window)return window}}(),n.o=(r,e)=>Object.prototype.hasOwnProperty.call(r,e),n.p=\\"\\",(()=>{var r={204:0};n.O.j=e=>0===r[e];var e=(e,t)=>{var o,i,[a,u,l]=t,f=0;for(o in u)n.o(u,o)&&(n.m[o]=u[o]);for(l&&l(n),e&&e(t);f<a.length;f++)i=a[f],n.o(r,i)&&r[i]&&r[i][0](),r[a[f]]=0;n.O()},t=self.webpackChunk=self.webpackChunk||[];t.forEach(e.bind(null,0)),t.push=e.bind(null,t.push.bind(t))})();var o=n.O(void 0,[351],(()=>n(649)));return n.O(o)})()));"`;

exports[`Gulp: Webpack should compile webpack 3`] = `"define([\\"./commons\\"],(()=>(()=>{\\"use strict\\";var e,r,t={971:(e,r,t)=>{t(979),console.log(\\"hello world\\")}},o={};function n(e){var r=o[e];if(void 0!==r)return r.exports;var i=o[e]={exports:{}};return t[e](i,i.exports,n),i.exports}n.m=t,e=[],n.O=(r,t,o,i)=>{if(!t){var a=1/0;for(d=0;d<e.length;d++){for(var[t,o,i]=e[d],l=!0,u=0;u<t.length;u++)(!1&i||a>=i)&&Object.keys(n.O).every((e=>n.O[e](t[u])))?t.splice(u--,1):(l=!1,i<a&&(a=i));l&&(e.splice(d--,1),r=o())}return r}i=i||0;for(var d=e.length;d>0&&e[d-1][2]>i;d--)e[d]=e[d-1];e[d]=[t,o,i]},n.n=e=>{var r=e&&e.__esModule?()=>e.default:()=>e;return n.d(r,{a:r}),r},n.d=(e,r)=>{for(var t in r)n.o(r,t)&&!n.o(e,t)&&Object.defineProperty(e,t,{enumerable:!0,get:r[t]})},n.f={},n.e=e=>Promise.all(Object.keys(n.f).reduce(((r,t)=>(n.f[t](e,r),r)),[])),n.u=e=>\\"dynamic-import.js\\",n.g=function(){if(\\"object\\"==typeof globalThis)return globalThis;try{return this||new Function(\\"return this\\")()}catch(e){if(\\"object\\"==typeof window)return window}}(),n.o=(e,r)=>Object.prototype.hasOwnProperty.call(e,r),r={},n.l=(e,t,o,i)=>{if(r[e])r[e].push(t);else{var a,l;if(void 0!==o)for(var u=document.getElementsByTagName(\\"script\\"),d=0;d<u.length;d++){var s=u[d];if(s.getAttribute(\\"src\\")==e){a=s;break}}a||(l=!0,(a=document.createElement(\\"script\\")).charset=\\"utf-8\\",a.timeout=120,n.nc&&a.setAttribute(\\"nonce\\",n.nc),a.src=e),r[e]=[t];var c=(t,o)=>{a.onerror=a.onload=null,clearTimeout(f);var n=r[e];if(delete r[e],a.parentNode&&a.parentNode.removeChild(a),n&&n.forEach((e=>e(o))),t)return t(o)},f=setTimeout(c.bind(null,void 0,{type:\\"timeout\\",target:a}),12e4);a.onerror=c.bind(null,a.onerror),a.onload=c.bind(null,a.onload),l&&document.head.appendChild(a)}},n.r=e=>{\\"undefined\\"!=typeof Symbol&&Symbol.toStringTag&&Object.defineProperty(e,Symbol.toStringTag,{value:\\"Module\\"}),Object.defineProperty(e,\\"__esModule\\",{value:!0})},n.p=\\"\\",(()=>{var e={87:0};n.f.j=(r,t)=>{var o=n.o(e,r)?e[r]:void 0;if(0!==o)if(o)t.push(o[2]);else{var i=new Promise(((t,n)=>o=e[r]=[t,n]));t.push(o[2]=i);var a=n.p+n.u(r),l=new Error;n.l(a,(t=>{if(n.o(e,r)&&(0!==(o=e[r])&&(e[r]=void 0),o)){var i=t&&(\\"load\\"===t.type?\\"missing\\":t.type),a=t&&t.target&&t.target.src;l.message=\\"Loading chunk \\"+r+\\" failed.\\\\n(\\"+i+\\": \\"+a+\\")\\",l.name=\\"ChunkLoadError\\",l.type=i,l.request=a,o[1](l)}}),\\"chunk-\\"+r,r)}},n.O.j=r=>0===e[r];var r=(r,t)=>{var o,i,[a,l,u]=t,d=0;for(o in l)n.o(l,o)&&(n.m[o]=l[o]);for(u&&u(n),r&&r(t);d<a.length;d++)i=a[d],n.o(e,i)&&e[i]&&e[i][0](),e[a[d]]=0;n.O()},t=self.webpackChunk=self.webpackChunk||[];t.forEach(r.bind(null,0)),t.push=r.bind(null,t.push.bind(t))})();var i=n.O(void 0,[351],(()=>n(971)));return n.O(i)})()));"`;

exports[`Gulp: Webpack should compile webpack 4`] = `"define([\\"../commons\\"],(()=>(()=>{\\"use strict\\";var r,e={148:(r,e,t)=>{t(979)}},t={};function n(r){var o=t[r];if(void 0!==o)return o.exports;var i=t[r]={exports:{}};return e[r](i,i.exports,n),i.exports}n.m=e,r=[],n.O=(e,t,o,i)=>{if(!t){var a=1/0;for(f=0;f<r.length;f++){for(var[t,o,i]=r[f],u=!0,l=0;l<t.length;l++)(!1&i||a>=i)&&Object.keys(n.O).every((r=>n.O[r](t[l])))?t.splice(l--,1):(u=!1,i<a&&(a=i));u&&(r.splice(f--,1),e=o())}return e}i=i||0;for(var f=r.length;f>0&&r[f-1][2]>i;f--)r[f]=r[f-1];r[f]=[t,o,i]},n.n=r=>{var e=r&&r.__esModule?()=>r.default:()=>r;return n.d(e,{a:e}),e},n.d=(r,e)=>{for(var t in e)n.o(e,t)&&!n.o(r,t)&&Object.defineProperty(r,t,{enumerable:!0,get:e[t]})},n.g=function(){if(\\"object\\"==typeof globalThis)return globalThis;try{return this||new Function(\\"return this\\")()}catch(r){if(\\"object\\"==typeof window)return window}}(),n.o=(r,e)=>Object.prototype.hasOwnProperty.call(r,e),n.p=\\"\\",(()=>{var r={146:0};n.O.j=e=>0===r[e];var e=(e,t)=>{var o,i,[a,u,l]=t,f=0;for(o in u)n.o(u,o)&&(n.m[o]=u[o]);for(l&&l(n),e&&e(t);f<a.length;f++)i=a[f],n.o(r,i)&&r[i]&&r[i][0](),r[a[f]]=0;n.O()},t=self.webpackChunk=self.webpackChunk||[];t.forEach(e.bind(null,0)),t.push=e.bind(null,t.push.bind(t))})();var o=n.O(void 0,[351],(()=>n(148)));return n.O(o)})()));"`;

exports[`Gulp: Webpack should compile webpack 5`] = `"define((()=>(()=>{\\"use strict\\";return{}})()));"`;

exports[`Gulp: Webpack should compile webpack 6`] = `"(self.webpackChunk=self.webpackChunk||[]).push([[334],{872:(s,t,e)=>{\\"use strict\\";e.r(t),e.d(t,{default:()=>i});const i=\\"This is a dynamic import, it should output into it's own file. See: test.bundle.js\\"}}]);"`;

exports[`Gulp: Webpack should compile webpack 7`] = `"define((()=>(self.webpackChunk=self.webpackChunk||[]).push([[351],{979:(e,s,n)=>{n.p=\`\${n.g.requirejs.s.contexts._.config.baseUrl}/bundle/\`}}])));"`;

exports[`Gulp: Webpack should compile webpack 8`] = `
"{
  \\"test-ts.bundle.js\\": \\"test-ts.bundle.js\\",
  \\"test.bundle.js\\": \\"test.bundle.js\\",
  \\"BlueAcorn_Module/theme.bundle.js\\": \\"BlueAcorn_Module/theme.bundle.js\\",
  \\"BlueAcorn_Module/module.bundle.js\\": \\"BlueAcorn_Module/module.bundle.js\\",
  \\"dynamic-import.js\\": \\"dynamic-import.js\\",
  \\"commons.js\\": \\"commons.js\\"
}"
`;

exports[`Gulp: Webpack should compile webpack 9`] = `
"var config = {};

/** START: MagentoRequireJsManifestPlugin */
config = config || {};
config.map = (config.map || {});
config.map['*'] = (config.map['*'] || {});
config.map['*']['BlueAcorn_Module/js/module.bundle'] = 'bundle/BlueAcorn_Module/module.bundle';
/** END: MagentoRequireJsManifestPlugin */"
`;

exports[`Gulp: Webpack should update existing requirejs-config.js file #1 1`] = `
"var config = {
    deps: [
        \\"js/some-dep\\"
    ]
};

/** START: MagentoRequireJsManifestPlugin */
config = config || {};
config.map = (config.map || {});
config.map['*'] = (config.map['*'] || {});
config.map['*']['BlueAcorn_Module/js/module.bundle'] = 'bundle/BlueAcorn_Module/module.bundle';
/** END: MagentoRequireJsManifestPlugin */"
`;

exports[`Gulp: Webpack should update existing requirejs-config.js file #2 1`] = `
"var config = {
    deps: [
        'js/some-file'
    ]
};

/** START: MagentoRequireJsManifestPlugin */
config = config || {};
config.map = (config.map || {});
config.map['*'] = (config.map['*'] || {});
config.map['*']['BlueAcorn_Module/js/module.bundle'] = 'bundle/BlueAcorn_Module/module.bundle';
/** END: MagentoRequireJsManifestPlugin */"
`;
