// Jest Snapshot v1, https://goo.gl/fbAQLP

exports[`TS Config Builder should generate ts config from project 1`] = `
"{
    \\"include\\": [
        \\"./app/code/BlueAcorn/Core/view/frontend/web/ts/**/*\\",
        \\"./app/code/BlueAcorn/Core/view/base/web/ts/**/*\\",
        \\"./app/code/BlueAcorn/Core/view/adminhtml/web/ts/**/*\\",
        \\"./vendor/magento/theme-frontend-blank/**/*\\",
        \\"./vendor/magento/theme-frontend-luma/**/*\\",
        \\"./app/design/frontend/BlueAcorn/site/**/*\\",
        \\"./vendor/magento/theme-adminhtml-backend/**/*\\"
    ],
    \\"compilerOptions\\": {
        \\"baseUrl\\": \\".\\",
        \\"paths\\": {
            \\"BlueAcorn_Core/*\\": [
                \\"vendor/magento/theme-adminhtml-backend/BlueAcorn_Core/web/ts/*\\",
                \\"app/design/frontend/BlueAcorn/site/BlueAcorn_Core/web/ts/*\\",
                \\"vendor/magento/theme-frontend-luma/BlueAcorn_Core/web/ts/*\\",
                \\"vendor/magento/theme-frontend-blank/BlueAcorn_Core/web/ts/*\\",
                \\"app/code/BlueAcorn/Core/view/frontend/web/ts/*\\",
                \\"app/code/BlueAcorn/Core/view/base/web/ts/*\\",
                \\"app/code/BlueAcorn/Core/view/adminhtml/web/ts/*\\"
            ]
        },
        \\"strict\\": true,
        \\"esModuleInterop\\": true,
        \\"lib\\": [
            \\"dom\\",
            \\"es2015\\"
        ],
        \\"jsx\\": \\"react\\",
        \\"emitDecoratorMetadata\\": true,
        \\"experimentalDecorators\\": true,
        \\"target\\": \\"es5\\",
        \\"allowJs\\": true,
        \\"skipLibCheck\\": true,
        \\"allowSyntheticDefaultImports\\": true,
        \\"forceConsistentCasingInFileNames\\": true,
        \\"module\\": \\"esnext\\",
        \\"moduleResolution\\": \\"node\\",
        \\"resolveJsonModule\\": true,
        \\"isolatedModules\\": true,
        \\"noEmit\\": true
    }
}"
`;
